exports[`test renders correctly 1`] = `
<View
  style={
    Object {
      "backgroundColor": "#F5F5F5",
      "flex": 1,
    }
  }>
  <View
    style={
      Object {
        "alignItems": "stretch",
        "backgroundColor": "#F5FCFF",
        "justifyContent": "flex-start",
      }
    }>
    <View
      style={
        Array [
          Object {
            "alignSelf": "flex-start",
            "borderColor": "red",
            "borderWidth": 1,
          },
          Object {
            "backgroundColor": "#e9eaed",
            "height": 56,
          },
        ]
      } />
  </View>
  <View
    style={
      Object {
        "alignItems": "center",
        "backgroundColor": "aqua",
        "flex": 1,
        "justifyContent": "center",
      }
    } />
</View>
`;
